
> react-example@0.0.0 build C:\Users\Eduardo\Desktop\meca-erp-main
> vite build

