src/backend/routes/whatsapp.ts(367,16): error TS1127: Invalid character.
src/backend/routes/whatsapp.ts(434,8): error TS1005: ';' expected.
src/backend/routes/whatsapp.ts(434,15): error TS1434: Unexpected keyword or identifier.
src/backend/routes/whatsapp.ts(436,16): error TS1135: Argument expression expected.
src/backend/routes/whatsapp.ts(436,17): error TS1135: Argument expression expected.
src/backend/routes/whatsapp.ts(436,19): error TS1135: Argument expression expected.
src/backend/routes/whatsapp.ts(436,20): error TS1135: Argument expression expected.
src/backend/routes/whatsapp.ts(436,22): error TS1135: Argument expression expected.
src/backend/routes/whatsapp.ts(436,23): error TS1135: Argument expression expected.
src/backend/routes/whatsapp.ts(436,25): error TS1135: Argument expression expected.
src/backend/routes/whatsapp.ts(436,26): error TS1135: Argument expression expected.
src/backend/routes/whatsapp.ts(436,28): error TS1135: Argument expression expected.
src/backend/routes/whatsapp.ts(436,29): error TS1135: Argument expression expected.
src/backend/routes/whatsapp.ts(436,31): error TS1135: Argument expression expected.
src/backend/routes/whatsapp.ts(436,32): error TS1135: Argument expression expected.
src/backend/routes/whatsapp.ts(436,36): error TS1443: Module declaration names may only use ' or " quoted strings.
src/backend/routes/whatsapp.ts(489,8): error TS1434: Unexpected keyword or identifier.
src/backend/routes/whatsapp.ts(490,8): error TS1435: Unknown keyword or identifier. Did you mean 'set'?
src/backend/routes/whatsapp.ts(490,12): error TS1434: Unexpected keyword or identifier.
src/backend/routes/whatsapp.ts(491,8): error TS1434: Unexpected keyword or identifier.
src/backend/routes/whatsapp.ts(491,19): error TS1109: Expression expected.
src/backend/routes/whatsapp.ts(491,25): error TS1005: ':' expected.
src/backend/routes/whatsapp.ts(491,37): error TS1109: Expression expected.
src/backend/routes/whatsapp.ts(542,35): error TS1005: ':' expected.
src/backend/routes/whatsapp.ts(542,37): error TS1434: Unexpected keyword or identifier.
src/backend/routes/whatsapp.ts(566,10): error TS1005: ';' expected.
src/backend/routes/whatsapp.ts(566,20): error TS1003: Identifier expected.
src/backend/routes/whatsapp.ts(566,21): error TS1109: Expression expected.
src/backend/routes/whatsapp.ts(567,10): error TS1435: Unknown keyword or identifier. Did you mean 'from'?
src/backend/routes/whatsapp.ts(567,15): error TS1434: Unexpected keyword or identifier.
src/backend/routes/whatsapp.ts(568,10): error TS1435: Unknown keyword or identifier. Did you mean 'let'?
src/backend/routes/whatsapp.ts(568,15): error TS1434: Unexpected keyword or identifier.
src/backend/routes/whatsapp.ts(568,20): error TS1434: Unexpected keyword or identifier.
src/backend/routes/whatsapp.ts(568,39): error TS1434: Unexpected keyword or identifier.
src/backend/routes/whatsapp.ts(568,41): error TS1434: Unexpected keyword or identifier.
src/backend/routes/whatsapp.ts(569,10): error TS1434: Unexpected keyword or identifier.
src/backend/routes/whatsapp.ts(569,31): error TS1109: Expression expected.
src/backend/routes/whatsapp.ts(570,16): error TS1005: ':' expected.
src/backend/routes/whatsapp.ts(596,8): error TS1005: ';' expected.
src/backend/routes/whatsapp.ts(596,15): error TS1434: Unexpected keyword or identifier.
src/backend/routes/whatsapp.ts(598,16): error TS1135: Argument expression expected.
src/backend/routes/whatsapp.ts(598,17): error TS1135: Argument expression expected.
src/backend/routes/whatsapp.ts(598,19): error TS1135: Argument expression expected.
src/backend/routes/whatsapp.ts(598,20): error TS1135: Argument expression expected.
src/backend/routes/whatsapp.ts(598,22): error TS1135: Argument expression expected.
src/backend/routes/whatsapp.ts(598,23): error TS1135: Argument expression expected.
src/backend/routes/whatsapp.ts(598,25): error TS1135: Argument expression expected.
src/backend/routes/whatsapp.ts(598,26): error TS1135: Argument expression expected.
src/backend/routes/whatsapp.ts(598,28): error TS1135: Argument expression expected.
src/backend/routes/whatsapp.ts(598,29): error TS1135: Argument expression expected.
src/backend/routes/whatsapp.ts(598,31): error TS1135: Argument expression expected.
src/backend/routes/whatsapp.ts(598,32): error TS1135: Argument expression expected.
src/backend/routes/whatsapp.ts(598,34): error TS1135: Argument expression expected.
src/backend/routes/whatsapp.ts(598,35): error TS1135: Argument expression expected.
src/backend/routes/whatsapp.ts(598,37): error TS1135: Argument expression expected.
src/backend/routes/whatsapp.ts(598,38): error TS1135: Argument expression expected.
src/backend/routes/whatsapp.ts(598,42): error TS1443: Module declaration names may only use ' or " quoted strings.
src/backend/routes/whatsapp.ts(665,8): error TS1434: Unexpected keyword or identifier.
src/backend/routes/whatsapp.ts(666,8): error TS1435: Unknown keyword or identifier. Did you mean 'set'?
src/backend/routes/whatsapp.ts(666,12): error TS1434: Unexpected keyword or identifier.
src/backend/routes/whatsapp.ts(667,8): error TS1434: Unexpected keyword or identifier.
src/backend/routes/whatsapp.ts(667,19): error TS1109: Expression expected.
src/backend/routes/whatsapp.ts(667,25): error TS1005: ':' expected.
src/backend/routes/whatsapp.ts(667,37): error TS1109: Expression expected.
src/backend/routes/whatsapp.ts(707,10): error TS1005: ':' expected.
src/backend/routes/whatsapp.ts(708,13): error TS1003: Identifier expected.
src/backend/routes/whatsapp.ts(708,14): error TS1109: Expression expected.
src/backend/routes/whatsapp.ts(711,10): error TS1435: Unknown keyword or identifier. Did you mean 'from'?
src/backend/routes/whatsapp.ts(711,15): error TS1434: Unexpected keyword or identifier.
src/backend/routes/whatsapp.ts(712,10): error TS1435: Unknown keyword or identifier. Did you mean 'let'?
src/backend/routes/whatsapp.ts(712,15): error TS1434: Unexpected keyword or identifier.
src/backend/routes/whatsapp.ts(712,20): error TS1434: Unexpected keyword or identifier.
src/backend/routes/whatsapp.ts(712,46): error TS1434: Unexpected keyword or identifier.
src/backend/routes/whatsapp.ts(712,48): error TS1434: Unexpected keyword or identifier.
src/backend/routes/whatsapp.ts(713,10): error TS1435: Unknown keyword or identifier. Did you mean 'let'?
src/backend/routes/whatsapp.ts(713,15): error TS1434: Unexpected keyword or identifier.
src/backend/routes/whatsapp.ts(713,20): error TS1434: Unexpected keyword or identifier.
src/backend/routes/whatsapp.ts(713,38): error TS1434: Unexpected keyword or identifier.
src/backend/routes/whatsapp.ts(713,40): error TS1434: Unexpected keyword or identifier.
src/backend/routes/whatsapp.ts(714,10): error TS1434: Unexpected keyword or identifier.
src/backend/routes/whatsapp.ts(714,30): error TS1109: Expression expected.
src/backend/routes/whatsapp.ts(715,16): error TS1005: ':' expected.
src/backend/routes/whatsapp.ts(715,32): error TS1005: ';' expected.
src/backend/routes/whatsapp.ts(756,35): error TS1005: ':' expected.
src/backend/routes/whatsapp.ts(756,37): error TS1434: Unexpected keyword or identifier.
src/backend/routes/whatsapp.ts(872,8): error TS1005: ';' expected.
src/backend/routes/whatsapp.ts(873,8): error TS1435: Unknown keyword or identifier. Did you mean 'set'?
src/backend/routes/whatsapp.ts(873,24): error TS1109: Expression expected.
src/backend/routes/whatsapp.ts(874,14): error TS1005: ':' expected.
src/backend/routes/whatsapp.ts(874,19): error TS1109: Expression expected.
src/backend/routes/whatsapp.ts(880,10): error TS1005: ':' expected.
src/backend/routes/whatsapp.ts(881,10): error TS1435: Unknown keyword or identifier. Did you mean 'set'?
src/backend/routes/whatsapp.ts(881,27): error TS1109: Expression expected.
src/backend/routes/whatsapp.ts(881,28): error TS1109: Expression expected.
src/backend/routes/whatsapp.ts(881,38): error TS1109: Expression expected.
src/backend/routes/whatsapp.ts(882,16): error TS1005: ':' expected.
src/backend/routes/whatsapp.ts(882,21): error TS1109: Expression expected.
src/backend/routes/whatsapp.ts(907,8): error TS1005: ':' expected.
src/backend/routes/whatsapp.ts(908,8): error TS1435: Unknown keyword or identifier. Did you mean 'set'?
src/backend/routes/whatsapp.ts(909,8): error TS1434: Unexpected keyword or identifier.
src/backend/routes/whatsapp.ts(909,19): error TS1109: Expression expected.
src/backend/routes/whatsapp.ts(909,25): error TS1005: ':' expected.
src/backend/routes/whatsapp.ts(909,37): error TS1109: Expression expected.
src/backend/routes/whatsapp.ts(956,8): error TS1005: ':' expected.
src/backend/routes/whatsapp.ts(957,8): error TS1435: Unknown keyword or identifier. Did you mean 'set'?
src/backend/routes/whatsapp.ts(957,25): error TS1109: Expression expected.
src/backend/routes/whatsapp.ts(957,26): error TS1109: Expression expected.
src/backend/routes/whatsapp.ts(957,44): error TS1109: Expression expected.
src/backend/routes/whatsapp.ts(958,14): error TS1005: ':' expected.
src/backend/routes/whatsapp.ts(958,19): error TS1109: Expression expected.
src/backend/routes/whatsapp.ts(999,8): error TS1005: ':' expected.
src/backend/routes/whatsapp.ts(999,15): error TS1434: Unexpected keyword or identifier.
src/backend/routes/whatsapp.ts(1001,16): error TS1135: Argument expression expected.
src/backend/routes/whatsapp.ts(1001,17): error TS1135: Argument expression expected.
src/backend/routes/whatsapp.ts(1001,19): error TS1135: Argument expression expected.
src/backend/routes/whatsapp.ts(1001,20): error TS1135: Argument expression expected.
src/backend/routes/whatsapp.ts(1001,22): error TS1135: Argument expression expected.
src/backend/routes/whatsapp.ts(1001,23): error TS1135: Argument expression expected.
src/backend/routes/whatsapp.ts(1001,25): error TS1135: Argument expression expected.
src/backend/routes/whatsapp.ts(1001,26): error TS1135: Argument expression expected.
src/backend/routes/whatsapp.ts(1001,28): error TS1135: Argument expression expected.
src/backend/routes/whatsapp.ts(1001,29): error TS1135: Argument expression expected.
src/backend/routes/whatsapp.ts(1001,31): error TS1135: Argument expression expected.
src/backend/routes/whatsapp.ts(1001,32): error TS1135: Argument expression expected.
src/backend/routes/whatsapp.ts(1001,34): error TS1135: Argument expression expected.
src/backend/routes/whatsapp.ts(1001,35): error TS1135: Argument expression expected.
src/backend/routes/whatsapp.ts(1001,37): error TS1135: Argument expression expected.
src/backend/routes/whatsapp.ts(1001,38): error TS1135: Argument expression expected.
src/backend/routes/whatsapp.ts(1001,58): error TS1443: Module declaration names may only use ' or " quoted strings.
src/backend/routes/whatsapp.ts(1015,8): error TS1434: Unexpected keyword or identifier.
src/backend/routes/whatsapp.ts(1016,8): error TS1435: Unknown keyword or identifier. Did you mean 'set'?
src/backend/routes/whatsapp.ts(1016,24): error TS1109: Expression expected.
src/backend/routes/whatsapp.ts(1017,14): error TS1005: ':' expected.
src/backend/routes/whatsapp.ts(1017,19): error TS1109: Expression expected.
src/backend/routes/whatsapp.ts(1044,27): error TS1005: ':' expected.
src/backend/routes/whatsapp.ts(1044,34): error TS1109: Expression expected.
src/backend/routes/whatsapp.ts(1049,17): error TS1005: ')' expected.
src/backend/routes/whatsapp.ts(1049,23): error TS1109: Expression expected.
src/backend/routes/whatsapp.ts(1049,24): error TS1109: Expression expected.
src/backend/routes/whatsapp.ts(1049,26): error TS1005: ';' expected.
src/backend/routes/whatsapp.ts(1049,31): error TS1434: Unexpected keyword or identifier.
src/backend/routes/whatsapp.ts(1049,40): error TS1434: Unexpected keyword or identifier.
src/backend/routes/whatsapp.ts(1049,68): error TS1005: ';' expected.
src/backend/routes/whatsapp.ts(1050,17): error TS1005: ')' expected.
src/backend/routes/whatsapp.ts(1050,23): error TS1109: Expression expected.
src/backend/routes/whatsapp.ts(1050,24): error TS1109: Expression expected.
src/backend/routes/whatsapp.ts(1050,26): error TS1005: ';' expected.
src/backend/routes/whatsapp.ts(1050,31): error TS1434: Unexpected keyword or identifier.
src/backend/routes/whatsapp.ts(1050,43): error TS1434: Unexpected keyword or identifier.
src/backend/routes/whatsapp.ts(1050,71): error TS1005: ';' expected.
src/backend/routes/whatsapp.ts(1050,73): error TS1434: Unexpected keyword or identifier.
src/backend/routes/whatsapp.ts(1051,7): error TS1435: Unknown keyword or identifier. Did you mean 'from'?
src/backend/routes/whatsapp.ts(1052,7): error TS1434: Unexpected keyword or identifier.
src/backend/routes/whatsapp.ts(1052,25): error TS1109: Expression expected.
src/backend/routes/whatsapp.ts(1054,16): error TS1005: ',' expected.
src/backend/routes/whatsapp.ts(1055,14): error TS1005: ':' expected.
src/backend/routes/whatsapp.ts(1055,20): error TS1005: ',' expected.
src/backend/routes/whatsapp.ts(1056,14): error TS1005: ':' expected.
src/backend/routes/whatsapp.ts(1056,25): error TS1005: ',' expected.
src/backend/routes/whatsapp.ts(1057,14): error TS1005: ':' expected.
src/backend/routes/whatsapp.ts(1057,23): error TS1005: ',' expected.
src/backend/routes/whatsapp.ts(1058,14): error TS1005: ':' expected.
src/backend/routes/whatsapp.ts(1058,20): error TS1005: ',' expected.
src/backend/routes/whatsapp.ts(1059,9): error TS1109: Expression expected.
src/backend/routes/whatsapp.ts(1060,7): error TS1005: ':' expected.
src/backend/routes/whatsapp.ts(1060,13): error TS1434: Unexpected keyword or identifier.
src/backend/routes/whatsapp.ts(1061,7): error TS1434: Unexpected keyword or identifier.
src/backend/routes/whatsapp.ts(1082,9): error TS1434: Unexpected keyword or identifier.
src/backend/routes/whatsapp.ts(1082,18): error TS1003: Identifier expected.
src/backend/routes/whatsapp.ts(1082,19): error TS1109: Expression expected.
src/backend/routes/whatsapp.ts(1084,9): error TS1435: Unknown keyword or identifier. Did you mean 'from'?
src/backend/routes/whatsapp.ts(1084,14): error TS1434: Unexpected keyword or identifier.
src/backend/routes/whatsapp.ts(1085,9): error TS1435: Unknown keyword or identifier. Did you mean 'let'?
src/backend/routes/whatsapp.ts(1085,14): error TS1434: Unexpected keyword or identifier.
src/backend/routes/whatsapp.ts(1085,19): error TS1434: Unexpected keyword or identifier.
src/backend/routes/whatsapp.ts(1085,27): error TS1434: Unexpected keyword or identifier.
src/backend/routes/whatsapp.ts(1085,30): error TS1434: Unexpected keyword or identifier.
src/backend/routes/whatsapp.ts(1086,9): error TS1434: Unexpected keyword or identifier.
src/backend/routes/whatsapp.ts(1086,22): error TS1109: Expression expected.
src/backend/routes/whatsapp.ts(1086,28): error TS1005: ':' expected.
src/backend/routes/whatsapp.ts(1086,42): error TS1109: Expression expected.
src/backend/routes/whatsapp.ts(1096,7): error TS1005: ':' expected.
src/backend/routes/whatsapp.ts(1096,21): error TS1005: ';' expected.
src/backend/routes/whatsapp.ts(1097,7): error TS1434: Unexpected keyword or identifier.
src/backend/routes/whatsapp.ts(1097,25): error TS1109: Expression expected.
src/backend/routes/whatsapp.ts(1098,13): error TS1005: ':' expected.
src/backend/routes/whatsapp.ts(1098,16): error TS1434: Unexpected keyword or identifier.
src/backend/routes/whatsapp.ts(1104,12): error TS1003: Identifier expected.
src/backend/routes/whatsapp.ts(1104,13): error TS1109: Expression expected.
src/backend/routes/whatsapp.ts(1107,7): error TS1435: Unknown keyword or identifier. Did you mean 'from'?
src/backend/routes/whatsapp.ts(1107,12): error TS1434: Unexpected keyword or identifier.
src/backend/routes/whatsapp.ts(1108,7): error TS1435: Unknown keyword or identifier. Did you mean 'let'?
src/backend/routes/whatsapp.ts(1108,12): error TS1434: Unexpected keyword or identifier.
src/backend/routes/whatsapp.ts(1108,17): error TS1434: Unexpected keyword or identifier.
src/backend/routes/whatsapp.ts(1108,26): error TS1434: Unexpected keyword or identifier.
src/backend/routes/whatsapp.ts(1108,28): error TS1434: Unexpected keyword or identifier.
src/backend/routes/whatsapp.ts(1109,7): error TS1434: Unexpected keyword or identifier.
src/backend/routes/whatsapp.ts(1109,28): error TS1109: Expression expected.
src/backend/routes/whatsapp.ts(1110,13): error TS1005: ':' expected.
src/backend/routes/whatsapp.ts(1110,30): error TS1005: ';' expected.
src/backend/routes/whatsapp.ts(1111,7): error TS1434: Unexpected keyword or identifier.
src/backend/routes/whatsapp.ts(1117,18): error TS1005: ',' expected.
src/backend/routes/whatsapp.ts(1117,23): error TS1005: ',' expected.
src/backend/routes/whatsapp.ts(1117,39): error TS1005: ',' expected.
src/backend/routes/whatsapp.ts(1117,44): error TS1005: ',' expected.
src/backend/routes/whatsapp.ts(1117,52): error TS1005: ',' expected.
src/backend/routes/whatsapp.ts(1117,57): error TS1005: ',' expected.
src/backend/routes/whatsapp.ts(1117,59): error TS1005: ',' expected.
src/backend/routes/whatsapp.ts(1118,18): error TS1005: ',' expected.
src/backend/routes/whatsapp.ts(1118,23): error TS1005: ',' expected.
src/backend/routes/whatsapp.ts(1118,42): error TS1005: ',' expected.
src/backend/routes/whatsapp.ts(1118,47): error TS1005: ',' expected.
src/backend/routes/whatsapp.ts(1118,55): error TS1005: ',' expected.
src/backend/routes/whatsapp.ts(1118,60): error TS1005: ',' expected.
src/backend/routes/whatsapp.ts(1118,62): error TS1005: ',' expected.
src/backend/routes/whatsapp.ts(1119,20): error TS1005: ',' expected.
src/backend/routes/whatsapp.ts(1119,25): error TS1005: ',' expected.
src/backend/routes/whatsapp.ts(1119,41): error TS1005: ',' expected.
src/backend/routes/whatsapp.ts(1119,44): error TS1005: ',' expected.
src/backend/routes/whatsapp.ts(1119,63): error TS1005: ',' expected.
src/backend/routes/whatsapp.ts(1119,68): error TS1005: ',' expected.
src/backend/routes/whatsapp.ts(1119,70): error TS1005: ',' expected.
src/backend/routes/whatsapp.ts(1120,7): error TS1435: Unknown keyword or identifier. Did you mean 'from'?
src/backend/routes/whatsapp.ts(1121,7): error TS1434: Unexpected keyword or identifier.
src/backend/routes/whatsapp.ts(1121,25): error TS1109: Expression expected.
src/backend/routes/whatsapp.ts(1121,31): error TS1005: ':' expected.
src/backend/routes/whatsapp.ts(1121,43): error TS1109: Expression expected.
src/backend/routes/whatsapp.ts(1126,7): error TS1005: ':' expected.
src/backend/routes/whatsapp.ts(1126,21): error TS1005: ';' expected.
src/backend/routes/whatsapp.ts(1127,7): error TS1434: Unexpected keyword or identifier.
src/backend/routes/whatsapp.ts(1127,25): error TS1109: Expression expected.
src/backend/routes/whatsapp.ts(1127,31): error TS1005: ':' expected.
src/backend/routes/whatsapp.ts(1128,7): error TS1434: Unexpected keyword or identifier.
src/backend/routes/whatsapp.ts(1128,13): error TS1434: Unexpected keyword or identifier.
src/backend/routes/whatsapp.ts(1128,16): error TS1434: Unexpected keyword or identifier.
src/backend/routes/whatsapp.ts(1129,7): error TS1434: Unexpected keyword or identifier.
src/backend/routes/whatsapp.ts(1162,1): error TS1160: Unterminated template literal.
